---
source: crates/mcb-server/tests/contract/vcs_contract_tests.rs
assertion_line: 31
expression: "snapshot_payload(&request, status, &response)"
---
{
  "request": {
    "id": 1,
    "method": "tools/call",
    "params": {
      "arguments": {
        "action": 123
      },
      "name": "vcs"
    }
  },
  "response": {
    "error": {
      "code": -32602,
      "message": "Failed to parse arguments: invalid type: integer `123`, expected string or map"
    },
    "id": 1,
    "jsonrpc": "2.0"
  },
  "status": 200
}
