---
source: crates/mcb-server/tests/contract/agent_contract_tests.rs
expression: "normalize_tool_call_ids(snapshot_payload(&request, status, &response))"
---
{
  "request": {
    "id": 1,
    "jsonrpc": "2.0",
    "method": "tools/call",
    "params": {
      "arguments": {
        "data": {
          "duration_ms": 5,
          "success": true,
          "tool_name": "search"
        }
      },
      "name": "log_tool_call"
    }
  },
  "response": {
    "error": {
      "code": -32602,
      "message": "session_id is required (not resolved from context)"
    },
    "id": 1,
    "jsonrpc": "2.0"
  },
  "status": 200
}
