---
source: crates/mcb-server/tests/contract/vcs_contract_tests.rs
assertion_line: 19
expression: "snapshot_payload(&request, status, &response)"
---
{
  "request": {
    "id": 1,
    "method": "tools/call",
    "params": {
      "arguments": {
        "action": "list_repositories",
        "limit": 5,
        "repo_path": "<WORKSPACE_ROOT>"
      },
      "name": "vcs"
    }
  },
  "response": {
    "id": 1,
    "jsonrpc": "2.0",
    "result": {
      "content": [
        {
          "text": "{\n  \"repositories\": [\n    \"<WORKSPACE_ROOT>\",\n    \"<WORKSPACE_ROOT>/.git/beads-worktrees/beads-sync\",\n    \"<WORKSPACE_ROOT>/third-party/edgevec\",\n    \"<WORKSPACE_ROOT>/third-party/loco\",\n    \"<WORKSPACE_ROOT>/third-party/milvus-sdk-rust\",\n    \"<WORKSPACE_ROOT>/third-party/milvus-sdk-rust/milvus-proto\",\n    \"<WORKSPACE_ROOT>/third-party/rust-code-analysis\",\n    \"<WORKSPACE_ROOT>/third-party/sea-orm\",\n    \"<WORKSPACE_ROOT>/third-party/sea-orm-pro\",\n    \"<WORKSPACE_ROOT>/third-party/sea-query\",\n    \"<WORKSPACE_ROOT>/third-party/sea-schema\",\n    \"<WORKSPACE_ROOT>/third-party/sea-streamer\",\n    \"<WORKSPACE_ROOT>/third-party/seaography\"\n  ],\n  \"count\": 13\n}",
          "type": "text"
        }
      ],
      "isError": false
    }
  },
  "status": 200
}
