---
source: crates/mcb-server/tests/contract/memory_contract_tests.rs
expression: "snapshot_payload(&request, status, &response)"
---
{
  "request": {
    "id": 1,
    "method": "tools/call",
    "params": {
      "arguments": {
        "action": "list",
        "limit": 10,
        "resource": "observation"
      },
      "name": "memory"
    }
  },
  "response": {
    "id": 1,
    "jsonrpc": "2.0",
    "result": {
      "content": [
        {
          "text": "Memory storage error: SQL query_all failed: SELECT id, rank FROM observations_fts WHERE observations_fts MATCH ? ORDER BY rank LIMIT ?: error returned from database: (code: 1) fts5: syntax error near \"\"",
          "type": "text"
        }
      ],
      "isError": true
    }
  },
  "status": 200
}
