---
source: crates/mcb-server/tests/contract/memory_contract_tests.rs
assertion_line: 29
expression: "snapshot_payload(&request, status, &response)"
---
{
  "request": {
    "id": 1,
    "method": "tools/call",
    "params": {
      "arguments": {
        "action": 123,
        "resource": "observation"
      },
      "name": "memory"
    }
  },
  "response": {
    "error": {
      "code": -32602,
      "message": "Missing execution provenance for 'memory': session_id, repo_id, repo_path, operator_id, machine_id, agent_program, model_id, delegated, timestamp"
    },
    "id": 1,
    "jsonrpc": "2.0"
  },
  "status": 200
}
