---
source: crates/mcb-server/tests/contract/session_contract_tests.rs
expression: "snapshot_payload(&request, status, &response)"
---
{
  "request": {
    "id": 1,
    "method": "tools/call",
    "params": {
      "arguments": {
        "action": "list",
        "limit": 10
      },
      "name": "session"
    }
  },
  "response": {
    "id": 1,
    "jsonrpc": "2.0",
    "result": {
      "content": [
        {
          "text": "{\n  \"count\": 0,\n  \"sessions\": []\n}",
          "type": "text"
        }
      ],
      "isError": false
    }
  },
  "status": 200
}
