---
source: crates/mcb-server/tests/contract/agent_contract_tests.rs
expression: "snapshot_payload(&request, status, &response)"
---
{
  "request": {
    "id": 1,
    "method": "tools/call",
    "params": {
      "arguments": {
        "action": 123,
        "data": {
          "tool_name": "search"
        },
        "session_id": "00000000-0000-0000-0000-000000000001"
      },
      "name": "agent"
    }
  },
  "response": {
    "error": {
      "code": -32602,
      "message": "Tool call failed: ErrorData { code: ErrorCode(-32602), message: \"Failed to parse arguments: invalid type: integer `123`, expected string or map\", data: None }"
    },
    "id": 1,
    "jsonrpc": "2.0"
  },
  "status": 200
}
