---
source: crates/mcb-server/tests/contract/project_contract_tests.rs
expression: "snapshot_payload(&request, status, &response)"
---
{
  "request": {
    "id": 1,
    "method": "tools/call",
    "params": {
      "arguments": {
        "action": "list",
        "project_id": "project-contract",
        "resource": "project"
      },
      "name": "project"
    }
  },
  "response": {
    "id": 1,
    "jsonrpc": "2.0",
    "result": {
      "content": [
        {
          "text": "[]",
          "type": "text"
        }
      ],
      "isError": false
    }
  },
  "status": 200
}
